../Core/Src/main.c:74:6:HCSR04_COMPLETE_CALLBACK	16	static
../Core/Src/main.c:79:6:HCSR04_HANDLE	16	static
../Core/Src/main.c:92:6:HAL_GPIO_EXTI_Callback	16	static
../Core/Src/main.c:132:6:HCSR04_START	8	static
../Core/Src/main.c:148:5:main	16	static
../Core/Src/main.c:201:6:SystemClock_Config	72	static
../Core/Src/main.c:240:13:MX_TIM1_Init	32	static
../Core/Src/main.c:286:13:MX_USART1_UART_Init	8	static
../Core/Src/main.c:319:13:MX_GPIO_Init	32	static
../Core/Src/main.c:357:6:Error_Handler	4	static,ignoring_inline_asm
