E:/STM32CubeIDE/mylib/mylib_f1xx/Src/data_trans.c:26:16:DataTrans_Init	24	static
E:/STM32CubeIDE/mylib/mylib_f1xx/Src/data_trans.c:68:16:DataTrans_Config	24	static
E:/STM32CubeIDE/mylib/mylib_f1xx/Src/data_trans.c:95:16:DataTrans_SetCallback	24	static
E:/STM32CubeIDE/mylib/mylib_f1xx/Src/data_trans.c:118:14:ConvertToString	80	static
E:/STM32CubeIDE/mylib/mylib_f1xx/Src/data_trans.c:201:16:DataTrans_SendData	48	static
E:/STM32CubeIDE/mylib/mylib_f1xx/Src/data_trans.c:270:16:DataTrans_SendString	48	static
E:/STM32CubeIDE/mylib/mylib_f1xx/Src/data_trans.c:342:16:DataTrans_SendHexData	40	static
E:/STM32CubeIDE/mylib/mylib_f1xx/Src/data_trans.c:413:16:DataTrans_SendArray	88	static
E:/STM32CubeIDE/mylib/mylib_f1xx/Src/data_trans.c:529:16:DataTrans_Printf	40	static
E:/STM32CubeIDE/mylib/mylib_f1xx/Src/data_trans.c:594:6:HAL_UART_TxCpltCallback	32	static
E:/STM32CubeIDE/mylib/mylib_f1xx/Src/data_trans.c:620:16:DataTrans_GetStatus	24	static
E:/STM32CubeIDE/mylib/mylib_f1xx/Src/data_trans.c:638:16:DataTrans_ResetStats	16	static
