../Core/Src/main.c:101:6:vector_init	16	static
../Core/Src/main.c:107:6:vector_push	16	static
../Core/Src/main.c:115:6:vector_free	16	static
../Core/Src/main.c:124:6:parse_led_command	40	static
../Core/Src/main.c:146:6:SET_LED	16	static
../Core/Src/main.c:153:6:SET_UP_STATUS	32	static
../Core/Src/main.c:169:6:HAL_UART_RxCpltCallback	16	static
../Core/Src/main.c:198:5:main	8	static
../Core/Src/main.c:249:6:SystemClock_Config	72	static
../Core/Src/main.c:288:13:MX_USART1_UART_Init	8	static
../Core/Src/main.c:321:13:MX_GPIO_Init	40	static
../Core/Src/main.c:363:6:Error_Handler	4	static,ignoring_inline_asm
